c:\users\carl\documents\github\gameengine\dx11_karting - vs2022\dx11proj\debug\vc143.pdb
c:\users\carl\documents\github\gameengine\dx11_karting - vs2022\dx11proj\debug\vc143.idb
c:\users\carl\documents\github\gameengine\dx11_karting - vs2022\dx11proj\debug\netmgr.obj
c:\users\carl\documents\github\gameengine\dx11_karting - vs2022\dx11proj\debug\model.obj
c:\users\carl\documents\github\gameengine\dx11_karting - vs2022\dx11proj\debug\mesh.obj
c:\users\carl\documents\github\gameengine\dx11_karting - vs2022\dx11proj\debug\menu.obj
c:\users\carl\documents\github\gameengine\dx11_karting - vs2022\dx11proj\debug\material.obj
c:\users\carl\documents\github\gameengine\dx11_karting - vs2022\dx11proj\debug\kart.obj
c:\users\carl\documents\github\gameengine\dx11_karting - vs2022\dx11proj\debug\gumemory.obj
c:\users\carl\documents\github\gameengine\dx11_karting - vs2022\dx11proj\debug\grid.obj
c:\users\carl\documents\github\gameengine\dx11_karting - vs2022\dx11proj\debug\flare.obj
c:\users\carl\documents\github\gameengine\dx11_karting - vs2022\dx11proj\debug\firstpersoncamera.obj
c:\users\carl\documents\github\gameengine\dx11_karting - vs2022\dx11proj\debug\effect.obj
c:\users\carl\documents\github\gameengine\dx11_karting - vs2022\dx11proj\debug\dynamiccube.obj
c:\users\carl\documents\github\gameengine\dx11_karting - vs2022\dx11proj\debug\cgdconsole.obj
c:\users\carl\documents\github\gameengine\dx11_karting - vs2022\dx11proj\debug\cgdclock.obj
c:\users\carl\documents\github\gameengine\dx11_karting - vs2022\dx11proj\debug\camera.obj
c:\users\carl\documents\github\gameengine\dx11_karting - vs2022\dx11proj\debug\box.obj
c:\users\carl\documents\github\gameengine\dx11_karting - vs2022\dx11proj\debug\blurutility.obj
c:\users\carl\documents\github\gameengine\dx11_karting - vs2022\dx11proj\debug\basemodel.obj
c:\users\carl\documents\github\gameengine\dx11_karting - vs2022\dx11proj\debug\animation.obj
c:\users\carl\documents\github\gameengine\dx11_karting - vs2022\dx11proj\debug\aikart.obj
c:\users\carl\documents\github\gameengine\dx11_karting - vs2022\dx11proj\debug\imgui_impl_win32.obj
c:\users\carl\documents\github\gameengine\dx11_karting - vs2022\dx11proj\debug\imgui_impl_dx11.obj
c:\users\carl\documents\github\gameengine\dx11_karting - vs2022\dx11proj\debug\imgui_draw.obj
c:\users\carl\documents\github\gameengine\dx11_karting - vs2022\dx11proj\debug\imgui_demo.obj
c:\users\carl\documents\github\gameengine\dx11_karting - vs2022\dx11proj\debug\imgui.obj
c:\users\carl\documents\github\gameengine\dx11_karting - vs2022\dx11proj\debug\utils.obj
c:\users\carl\documents\github\gameengine\dx11_karting - vs2022\dx11proj\debug\triangle.obj
c:\users\carl\documents\github\gameengine\dx11_karting - vs2022\dx11proj\debug\texture.obj
c:\users\carl\documents\github\gameengine\dx11_karting - vs2022\dx11proj\debug\terrain.obj
c:\users\carl\documents\github\gameengine\dx11_karting - vs2022\dx11proj\debug\system.obj
c:\users\carl\documents\github\gameengine\dx11_karting - vs2022\dx11proj\debug\skinutility.obj
c:\users\carl\documents\github\gameengine\dx11_karting - vs2022\dx11proj\debug\skinnedmodel.obj
c:\users\carl\documents\github\gameengine\dx11_karting - vs2022\dx11proj\debug\shadowvolume.obj
c:\users\carl\documents\github\gameengine\dx11_karting - vs2022\dx11proj\debug\shadowmap.obj
c:\users\carl\documents\github\gameengine\dx11_karting - vs2022\dx11proj\debug\quad.obj
c:\users\carl\documents\github\gameengine\dx11_karting - vs2022\dx11proj\debug\playerkart.obj
c:\users\carl\documents\github\gameengine\dx11_karting - vs2022\dx11proj\debug\physxvehicleutils.obj
c:\users\carl\documents\github\gameengine\dx11_karting - vs2022\dx11proj\debug\physxvehiclecontroller.obj
c:\users\carl\documents\github\gameengine\dx11_karting - vs2022\dx11proj\debug\physxkarting.obj
c:\users\carl\documents\github\gameengine\dx11_karting - vs2022\dx11proj\debug\particlesystem.obj
c:\users\carl\documents\github\gameengine\dx11_karting - vs2022\dx11proj\debug\scene.obj
c:\users\carl\documents\github\gameengine\dx11_karting - vs2022\dx11proj\debug\main.obj
c:\users\carl\documents\github\gameengine\dx11_karting - vs2022\dx11proj\debug\tinyxml2.obj
c:\users\carl\documents\github\gameengine\dx11_karting - vs2022\dx11proj\debug\imgui_widgets.obj
c:\users\carl\documents\github\gameengine\dx11_karting - vs2022\dx11proj\debug\imgui_tables.obj
c:\users\carl\documents\github\gameengine\dx11_karting - vs2022\debug\physxcooking_32.dll
c:\users\carl\documents\github\gameengine\dx11_karting - vs2022\debug\physxcommon_32.dll
c:\users\carl\documents\github\gameengine\dx11_karting - vs2022\debug\physxfoundation_32.dll
c:\users\carl\documents\github\gameengine\dx11_karting - vs2022\debug\physx_32.dll
c:\users\carl\documents\github\gameengine\dx11_karting - vs2022\shaders\cso\basic_colour_ps.cso
c:\users\carl\documents\github\gameengine\dx11_karting - vs2022\shaders\cso\basic_colour_vs.cso
c:\users\carl\documents\github\gameengine\dx11_karting - vs2022\shaders\cso\basic_lighting_vs.cso
c:\users\carl\documents\github\gameengine\dx11_karting - vs2022\shaders\cso\basic_shadow_ps.cso
c:\users\carl\documents\github\gameengine\dx11_karting - vs2022\shaders\cso\basic_shadow_vs.cso
c:\users\carl\documents\github\gameengine\dx11_karting - vs2022\shaders\cso\basic_skin_ps.cso
c:\users\carl\documents\github\gameengine\dx11_karting - vs2022\shaders\cso\basic_texture_ps.cso
c:\users\carl\documents\github\gameengine\dx11_karting - vs2022\shaders\cso\basic_texture_vs.cso
c:\users\carl\documents\github\gameengine\dx11_karting - vs2022\shaders\cso\convolve_u_ps.cso
c:\users\carl\documents\github\gameengine\dx11_karting - vs2022\shaders\cso\convolve_v_ps.cso
c:\users\carl\documents\github\gameengine\dx11_karting - vs2022\shaders\cso\copy_depth_ps.cso
c:\users\carl\documents\github\gameengine\dx11_karting - vs2022\shaders\cso\copy_ps.cso
c:\users\carl\documents\github\gameengine\dx11_karting - vs2022\shaders\cso\dirt_ps.cso
c:\users\carl\documents\github\gameengine\dx11_karting - vs2022\shaders\cso\emissive_ps.cso
c:\users\carl\documents\github\gameengine\dx11_karting - vs2022\shaders\cso\fire_ps.cso
c:\users\carl\documents\github\gameengine\dx11_karting - vs2022\shaders\cso\fire_vs.cso
c:\users\carl\documents\github\gameengine\dx11_karting - vs2022\shaders\cso\flare_ps.cso
c:\users\carl\documents\github\gameengine\dx11_karting - vs2022\shaders\cso\flare_vs.cso
c:\users\carl\documents\github\gameengine\dx11_karting - vs2022\shaders\cso\grass_ps.cso
c:\users\carl\documents\github\gameengine\dx11_karting - vs2022\shaders\cso\grass_shadow_ps.cso
c:\users\carl\documents\github\gameengine\dx11_karting - vs2022\shaders\cso\grass_vs.cso
c:\users\carl\documents\github\gameengine\dx11_karting - vs2022\shaders\cso\ocean_ps.cso
c:\users\carl\documents\github\gameengine\dx11_karting - vs2022\shaders\cso\ocean_vs.cso
c:\users\carl\documents\github\gameengine\dx11_karting - vs2022\shaders\cso\per_pixel_lighting_ps.cso
c:\users\carl\documents\github\gameengine\dx11_karting - vs2022\shaders\cso\per_pixel_lighting_vs.cso
c:\users\carl\documents\github\gameengine\dx11_karting - vs2022\shaders\cso\planarshadow_ps.cso
c:\users\carl\documents\github\gameengine\dx11_karting - vs2022\shaders\cso\pointlight_shadow_ps.cso
c:\users\carl\documents\github\gameengine\dx11_karting - vs2022\shaders\cso\pointlight_shadow_vs.cso
c:\users\carl\documents\github\gameengine\dx11_karting - vs2022\shaders\cso\reflection_map_ps.cso
c:\users\carl\documents\github\gameengine\dx11_karting - vs2022\shaders\cso\reflection_map_vs.cso
c:\users\carl\documents\github\gameengine\dx11_karting - vs2022\shaders\cso\screen_quad_vs.cso
c:\users\carl\documents\github\gameengine\dx11_karting - vs2022\shaders\cso\shadow_map_vs.cso
c:\users\carl\documents\github\gameengine\dx11_karting - vs2022\shaders\cso\skinning_vs.cso
c:\users\carl\documents\github\gameengine\dx11_karting - vs2022\shaders\cso\skin_ps.cso
c:\users\carl\documents\github\gameengine\dx11_karting - vs2022\shaders\cso\skin_rad_ps.cso
c:\users\carl\documents\github\gameengine\dx11_karting - vs2022\shaders\cso\sky_box_ps.cso
c:\users\carl\documents\github\gameengine\dx11_karting - vs2022\shaders\cso\sky_box_vs.cso
c:\users\carl\documents\github\gameengine\dx11_karting - vs2022\shaders\cso\texture_space_vs.cso
c:\users\carl\documents\github\gameengine\dx11_karting - vs2022\shaders\cso\tree_ps.cso
c:\users\carl\documents\github\gameengine\dx11_karting - vs2022\shaders\cso\tree_vs.cso
c:\users\carl\documents\github\gameengine\dx11_karting - vs2022\debug\dx11proj.exe
c:\users\carl\documents\github\gameengine\dx11_karting - vs2022\debug\dx11proj.pdb
c:\users\carl\documents\github\gameengine\dx11_karting - vs2022\dx11proj\debug\dx11proj.res
c:\users\carl\documents\github\gameengine\dx11_karting - vs2022\dx11proj\debug\dx11proj.tlog\cl.command.1.tlog
c:\users\carl\documents\github\gameengine\dx11_karting - vs2022\dx11proj\debug\dx11proj.tlog\cl.items.tlog
c:\users\carl\documents\github\gameengine\dx11_karting - vs2022\dx11proj\debug\dx11proj.tlog\cl.read.1.tlog
c:\users\carl\documents\github\gameengine\dx11_karting - vs2022\dx11proj\debug\dx11proj.tlog\cl.write.1.tlog
c:\users\carl\documents\github\gameengine\dx11_karting - vs2022\dx11proj\debug\dx11proj.tlog\dx11proj.write.1u.tlog
c:\users\carl\documents\github\gameengine\dx11_karting - vs2022\dx11proj\debug\dx11proj.tlog\fxc.command.1.tlog
c:\users\carl\documents\github\gameengine\dx11_karting - vs2022\dx11proj\debug\dx11proj.tlog\fxc.read.1.tlog
c:\users\carl\documents\github\gameengine\dx11_karting - vs2022\dx11proj\debug\dx11proj.tlog\fxc.write.1.tlog
c:\users\carl\documents\github\gameengine\dx11_karting - vs2022\dx11proj\debug\dx11proj.tlog\link.command.1.tlog
c:\users\carl\documents\github\gameengine\dx11_karting - vs2022\dx11proj\debug\dx11proj.tlog\link.read.1.tlog
c:\users\carl\documents\github\gameengine\dx11_karting - vs2022\dx11proj\debug\dx11proj.tlog\link.secondary.1.tlog
c:\users\carl\documents\github\gameengine\dx11_karting - vs2022\dx11proj\debug\dx11proj.tlog\link.write.1.tlog
c:\users\carl\documents\github\gameengine\dx11_karting - vs2022\dx11proj\debug\dx11proj.tlog\rc.command.1.tlog
c:\users\carl\documents\github\gameengine\dx11_karting - vs2022\dx11proj\debug\dx11proj.tlog\rc.read.1.tlog
c:\users\carl\documents\github\gameengine\dx11_karting - vs2022\dx11proj\debug\dx11proj.tlog\rc.write.1.tlog
